hello worldRuntime error: missing return statement
