Starting loop
X -  1
X -  4
X -  9
X -  16
X -  25
Finished loop