[2_3/5, 8_1/2, 2_2/3, 22_1/2, _3/5, 5_1/2]
[5_1/2, _3/5, 22_1/2, 2_2/3, 8_1/2, 2_3/5]
