Starting loop
X -  2
X -  4
X -  6
X -  8
X -  10
Finished loop