Runtime error: invalid array length for fold; array length cannot be zero
